// Jest Snapshot v1, https://goo.gl/fbAQLP

exports[`App Component Tests Dovrebbe renderizzare correttamente l'applicazione senza crash 1`] = `
[
  <View
    domStorageEnabled={true}
    incognito={false}
    injectedJavaScript="
    document.body.style.webkitUserSelect = 'none';
    true;
  "
    onNavigationStateChange={[Function]}
    renderError={[Function]}
    renderLoading={[Function]}
    sharedCookiesEnabled={true}
    source={
      {
        "uri": "https://ferie.altervista.org/",
      }
    }
    startInLoadingState={true}
    style={
      {
        "flex": 1,
      }
    }
    testID="mocked-webview"
    thirdPartyCookiesEnabled={true}
  />,
  <View
    style={
      {
        "alignItems": "center",
        "backgroundColor": "#fbfbfd",
        "borderTopColor": "#e5e5ea",
        "borderTopWidth": 1,
        "flexDirection": "row",
        "height": 54,
        "justifyContent": "space-around",
      }
    }
    testID="nav-bar"
  >
    <View
      accessibilityState={
        {
          "busy": undefined,
          "checked": undefined,
          "disabled": true,
          "expanded": undefined,
          "selected": undefined,
        }
      }
      accessibilityValue={
        {
          "max": undefined,
          "min": undefined,
          "now": undefined,
          "text": undefined,
        }
      }
      accessible={true}
      collapsable={false}
      focusable={false}
      onClick={[Function]}
      onResponderGrant={[Function]}
      onResponderMove={[Function]}
      onResponderRelease={[Function]}
      onResponderTerminate={[Function]}
      onResponderTerminationRequest={[Function]}
      onStartShouldSetResponder={[Function]}
      style={
        {
          "alignItems": "center",
          "opacity": 0.3,
          "padding": 10,
          "width": 60,
        }
      }
      testID="back-button"
    >
      <Text
        style={
          {
            "color": "#0071e3",
            "fontSize": 18,
          }
        }
      >
        ◀
      </Text>
    </View>
    <View
      accessibilityState={
        {
          "busy": undefined,
          "checked": undefined,
          "disabled": undefined,
          "expanded": undefined,
          "selected": undefined,
        }
      }
      accessibilityValue={
        {
          "max": undefined,
          "min": undefined,
          "now": undefined,
          "text": undefined,
        }
      }
      accessible={true}
      collapsable={false}
      focusable={true}
      onClick={[Function]}
      onResponderGrant={[Function]}
      onResponderMove={[Function]}
      onResponderRelease={[Function]}
      onResponderTerminate={[Function]}
      onResponderTerminationRequest={[Function]}
      onStartShouldSetResponder={[Function]}
      style={
        {
          "alignItems": "center",
          "opacity": 1,
          "padding": 10,
          "width": 60,
        }
      }
      testID="home-button"
    >
      <Text
        style={
          {
            "color": "#0071e3",
            "fontSize": 18,
          }
        }
      >
        🏠
      </Text>
    </View>
    <View
      accessibilityState={
        {
          "busy": undefined,
          "checked": undefined,
          "disabled": undefined,
          "expanded": undefined,
          "selected": undefined,
        }
      }
      accessibilityValue={
        {
          "max": undefined,
          "min": undefined,
          "now": undefined,
          "text": undefined,
        }
      }
      accessible={true}
      collapsable={false}
      focusable={true}
      onClick={[Function]}
      onResponderGrant={[Function]}
      onResponderMove={[Function]}
      onResponderRelease={[Function]}
      onResponderTerminate={[Function]}
      onResponderTerminationRequest={[Function]}
      onStartShouldSetResponder={[Function]}
      style={
        {
          "alignItems": "center",
          "opacity": 1,
          "padding": 10,
          "width": 60,
        }
      }
      testID="refresh-button"
    >
      <Text
        style={
          {
            "color": "#0071e3",
            "fontSize": 18,
          }
        }
      >
        🔄
      </Text>
    </View>
    <View
      accessibilityState={
        {
          "busy": undefined,
          "checked": undefined,
          "disabled": true,
          "expanded": undefined,
          "selected": undefined,
        }
      }
      accessibilityValue={
        {
          "max": undefined,
          "min": undefined,
          "now": undefined,
          "text": undefined,
        }
      }
      accessible={true}
      collapsable={false}
      focusable={false}
      onClick={[Function]}
      onResponderGrant={[Function]}
      onResponderMove={[Function]}
      onResponderRelease={[Function]}
      onResponderTerminate={[Function]}
      onResponderTerminationRequest={[Function]}
      onStartShouldSetResponder={[Function]}
      style={
        {
          "alignItems": "center",
          "opacity": 0.3,
          "padding": 10,
          "width": 60,
        }
      }
      testID="forward-button"
    >
      <Text
        style={
          {
            "color": "#0071e3",
            "fontSize": 18,
          }
        }
      >
        ▶
      </Text>
    </View>
  </View>,
]
`;
